{
    "reporting": {
        "content": [
            [
                
            ]
        ],
        "meta": {
            "nf-test": "0.8.4",
            "nextflow": "24.10.0"
        },
        "timestamp": "2024-11-14T09:48:03.722276"
    }
}